10 [23295776078784] INFO perfrun.launcher <> - Launcher main begin
40 [23295776078784] INFO perfrun.launcher <> - MessageCatalogInit finished
40 [23295776078784] INFO perfrun.launcher <> - Launcher instance created
40 [23295776078784] INFO perfrun.launcher <> - argc = 6; cmdline = /shared/courseSharedFolders/161588outer/161588/spack/opt/spack/linux-cascadelake/intel-oneapi-vtune-2024.3.0-nxjs3mkapv2jrlqk3tfkxwxux7lahqwg/vtune/2024.3/bin64/amplxe-runss -dump-vdso -r /tmp/amplxe-tmp-mad7915/amplxe-res-463190-303793232039206 --tmp-dir /tmp/amplxe-tmp-mad7915 
124 [23295776078784] INFO perfrun.perfcollector <> - SEP tool path: /shared/courseSharedFolders/161588outer/161588/spack/opt/spack/linux-cascadelake/intel-oneapi-vtune-2024.3.0-nxjs3mkapv2jrlqk3tfkxwxux7lahqwg/vtune/2024.3/bin64/sep
128 [23295776078784] INFO perfrun.launcher <> - create msngr2::ICliToolContext
128 [23295776078784] INFO perfrun.launcher <> - create file finder object
132 [23295753324096] INFO perfrun.launcher <> - plugin [remoteplug] was disabled because it doesn't support the given collection type.
132 [23295753324096] INFO perfrun.launcher <> - plugin [system] was disabled because it doesn't support the given collection type.
132 [23295753324096] INFO perfrun.vdso <> - dumping [vdso] pseudomodule
132 [23295753324096] INFO perfrun.launcher <> - plugin [itt] was disabled because it doesn't support the given collection type.
132 [23295753324096] INFO perfrun.launcher <> - plugin [ptracecollector] was disabled because it doesn't support the given collection type.
132 [23295753324096] INFO perfrun.launcher <> - plugin [gpu] was disabled because it doesn't support the given collection type.
132 [23295753324096] INFO perfrun.launcher <> - plugin [] was disabled because it doesn't support the given collection type.
132 [23295753324096] INFO perfrun.launcher <> - plugin [] was disabled because it doesn't support the given collection type.
132 [23295753324096] INFO perfrun.launcher <> - plugin [] was disabled because it doesn't support the given collection type.
132 [23295753324096] INFO perfrun.launcher <> - plugin [mrte] was disabled because it doesn't support the given collection type.
132 [23295753324096] INFO perfrun.launcher <> - plugin [emon] was disabled because it doesn't support the given collection type.
132 [23295753324096] INFO perfrun.launcher <> - plugin [cuscol] was disabled because it doesn't support the given collection type.
132 [23295753324096] INFO perfrun.launcher <> - plugin [stdsrc] was disabled because it doesn't support the given collection type.
132 [23295753324096] INFO perfrun.launcher <> - plugin [sep] was disabled because it doesn't support the given collection type.
132 [23295753324096] INFO perfrun.launcher <> - plugin [vtsspp] was disabled because it doesn't support the given collection type.
132 [23295753324096] INFO perfrun.launcher <> - plugin [perf] was disabled because it doesn't support the given collection type.
132 [23295753324096] INFO perfrun.launcher <> - plugin [aoclprofile] was disabled because it doesn't support the given collection type.
132 [23295753324096] INFO perfrun.launcher <> - plugin [tpss] was disabled because it doesn't support the given collection type.
132 [23295753324096] INFO perfrun.launcher <> - plugin [media] was disabled because it doesn't support the given collection type.
132 [23295753324096] INFO perfrun.launcher <> - plugin [] was disabled because it doesn't support the given collection type.
132 [23295753324096] INFO perfrun.launcher <> - plugin [] was disabled because it doesn't support the given collection type.
132 [23295753324096] INFO perfrun.launcher <> - plugin [parallelfs] was disabled because it doesn't support the given collection type.
132 [23295753324096] INFO perfrun.launcher <> - plugin [power] was disabled because it doesn't support the given collection type.
132 [23295753324096] INFO perfrun.launcher <> - plugin [] was disabled because it doesn't support the given collection type.
132 [23295753324096] INFO perfrun.launcher <> - plugin [ipmwatch] was disabled because it doesn't support the given collection type.
132 [23295753324096] INFO perfrun.launcher <> - plugin [os_counters] was disabled because it doesn't support the given collection type.
132 [23295753324096] INFO perfrun.launcher <> - plugin [l0_metrics] was disabled because it doesn't support the given collection type.
132 [23295776078784] INFO perfrun.launcher <> - Application exit code: 0
132 [23295776078784] INFO perfrun.launcher <> - Exit code: 0
